404 - Method name not existing
403 - Too less elements
402 - Wrong input (command)
401 - No HOLD
400 - Wrong input (value)